2026-09-12T11:24:01.901082Z	info	Successful transaction	{"provider_type": "cosmos", "chain_id": "vota-final-peer-d37fa73", "gas_used": 110410, "fees": "1354500000000000peaka", "fee_payer": "dora1y58hp6weav7pe4zcz7wnmleshfggvdxhhvl25l", "height": 150, "msg_types": ["/ibc.core.client.v1.MsgCreateClient"], "tx_hash": "471B34FDA13B575A63B5413FAE1EEF67070522B487B5D33231FD1BBE93D726AD"}
2026-09-12T11:24:01.901206Z	info	Client Created	{"src_chain_id": "vota-final-peer-d37fa73", "src_client_id": "07-tendermint-0", "dst_chain_id": "vota-final-d37fa73"}
2026-09-12T11:24:03.206230Z	info	Successful transaction	{"provider_type": "cosmos", "chain_id": "vota-final-d37fa73", "gas_used": 110609, "fees": "1357480000000000peaka", "fee_payer": "dora1vntgrez298e0r9fsyq6vjmv28f6x44wnjd3j7a", "height": 17250408, "msg_types": ["/ibc.core.client.v1.MsgCreateClient"], "tx_hash": "0EA208754AC5E6F2976E53102BB863085E655F5A31414DFCB4DFBE13BC93D67E"}
2026-09-12T11:24:03.206288Z	info	Client Created	{"src_chain_id": "vota-final-d37fa73", "src_client_id": "07-tendermint-46", "dst_chain_id": "vota-final-peer-d37fa73"}
2026-09-12T11:24:03.206309Z	info	Clients created	{"src_client_id": "07-tendermint-46", "src_chain_id": "vota-final-d37fa73", "dst_client_id": "07-tendermint-0", "dst_chain_id": "vota-final-peer-d37fa73"}
2026-09-12T11:24:03.221063Z	info	Starting event processor for connection handshake	{"src_chain_id": "vota-final-d37fa73", "src_client_id": "07-tendermint-46", "dst_chain_id": "vota-final-peer-d37fa73", "dst_client_id": "07-tendermint-0"}
2026-09-12T11:24:03.223693Z	info	Chain is not yet in sync	{"chain_name": "peer", "chain_id": "vota-final-peer-d37fa73", "latest_queried_block": 131, "latest_height": 151}
2026-09-12T11:24:03.224881Z	info	Chain is not yet in sync	{"chain_name": "snapshot", "chain_id": "vota-final-d37fa73", "latest_queried_block": 17250388, "latest_height": 17250408}
2026-09-12T11:24:04.223959Z	info	Chain is in sync	{"chain_name": "peer", "chain_id": "vota-final-peer-d37fa73"}
2026-09-12T11:24:04.225453Z	info	Chain is in sync	{"chain_name": "snapshot", "chain_id": "vota-final-d37fa73"}
2026-09-12T11:24:05.774777Z	info	Successful transaction	{"provider_type": "cosmos", "chain_id": "vota-final-d37fa73", "gas_used": 129363, "fees": "1638790000000000peaka", "fee_payer": "dora1vntgrez298e0r9fsyq6vjmv28f6x44wnjd3j7a", "height": 17250410, "msg_types": ["/ibc.core.client.v1.MsgUpdateClient", "/ibc.core.connection.v1.MsgConnectionOpenInit"], "tx_hash": "212BF5379A4E3328EA1C84006051F7EC6FDF29B0163F4D04A94CCC468A08E878"}
2026-09-12T11:24:07.958315Z	info	Successful transaction	{"provider_type": "cosmos", "chain_id": "vota-final-peer-d37fa73", "gas_used": 181869, "fees": "2426380000000000peaka", "fee_payer": "dora1y58hp6weav7pe4zcz7wnmleshfggvdxhhvl25l", "height": 156, "msg_types": ["/ibc.core.client.v1.MsgUpdateClient", "/ibc.core.connection.v1.MsgConnectionOpenTry"], "tx_hash": "9E86541370073EC068D6AB90E0EDEF5A495E62757BF4CABD00B3AED27D5C17DD"}
2026-09-12T11:24:09.753430Z	info	Successful transaction	{"provider_type": "cosmos", "chain_id": "vota-final-d37fa73", "gas_used": 146339, "fees": "1893430000000000peaka", "fee_payer": "dora1vntgrez298e0r9fsyq6vjmv28f6x44wnjd3j7a", "height": 17250413, "msg_types": ["/ibc.core.client.v1.MsgUpdateClient", "/ibc.core.connection.v1.MsgConnectionOpenAck"], "tx_hash": "31A751FB71373E20052E41088BD8944B665939CDFFBD876B983FBB7CFC1F62C1"}
2026-09-12T11:24:12.065437Z	info	Successful transaction	{"provider_type": "cosmos", "chain_id": "vota-final-peer-d37fa73", "gas_used": 142999, "fees": "1843330000000000peaka", "fee_payer": "dora1y58hp6weav7pe4zcz7wnmleshfggvdxhhvl25l", "height": 160, "msg_types": ["/ibc.core.client.v1.MsgUpdateClient", "/ibc.core.connection.v1.MsgConnectionOpenConfirm"], "tx_hash": "ABCF79507C7C0C4A6561347F76A6A2D991C9AA50C00384E91A0C29A0B52FAF2A"}
2026-09-12T11:24:12.228063Z	info	Connection handshake termination candidate	{"path_name": "final-transfer", "chain_id": "vota-final-peer-d37fa73", "client_id": "07-tendermint-0", "termination_client_id": "07-tendermint-0", "observed_client_id": "07-tendermint-0", "termination_counterparty_client_id": "07-tendermint-46", "observed_counterparty_client_id": "07-tendermint-46"}
2026-09-12T11:24:12.228072Z	info	Found termination condition for connection handshake	{"path_name": "final-transfer", "chain_id": "vota-final-peer-d37fa73", "client_id": "07-tendermint-0"}
2026-09-12T11:24:12.245019Z	info	Starting event processor for channel handshake	{"src_chain_id": "vota-final-d37fa73", "src_port_id": "transfer", "dst_chain_id": "vota-final-peer-d37fa73", "dst_port_id": "transfer"}
2026-09-12T11:24:12.246731Z	info	Chain is in sync	{"chain_name": "peer", "chain_id": "vota-final-peer-d37fa73"}
2026-09-12T11:24:12.248107Z	info	Chain is in sync	{"chain_name": "snapshot", "chain_id": "vota-final-d37fa73"}
2026-09-12T11:24:14.994334Z	info	Successful transaction	{"provider_type": "cosmos", "chain_id": "vota-final-d37fa73", "gas_used": 135987, "fees": "1738150000000000peaka", "fee_payer": "dora1vntgrez298e0r9fsyq6vjmv28f6x44wnjd3j7a", "height": 17250417, "msg_types": ["/ibc.core.client.v1.MsgUpdateClient", "/ibc.core.channel.v1.MsgChannelOpenInit"], "tx_hash": "FD98F93EF81A99F002883E63CD2348CF9FC7442D269F554603EE747FB53E74C8"}
2026-09-12T11:24:18.088304Z	info	Successful transaction	{"provider_type": "cosmos", "chain_id": "vota-final-peer-d37fa73", "gas_used": 158357, "fees": "2073700000000000peaka", "fee_payer": "dora1y58hp6weav7pe4zcz7wnmleshfggvdxhhvl25l", "height": 166, "msg_types": ["/ibc.core.client.v1.MsgUpdateClient", "/ibc.core.channel.v1.MsgChannelOpenTry"], "tx_hash": "C89113A7174BC0C79B7BDDD7DEA3BD68DDE06C5D7DC1B4F2B89001F57AE9A8E1"}
2026-09-12T11:24:20.208093Z	info	Successful transaction	{"provider_type": "cosmos", "chain_id": "vota-final-d37fa73", "gas_used": 131841, "fees": "1675960000000000peaka", "fee_payer": "dora1vntgrez298e0r9fsyq6vjmv28f6x44wnjd3j7a", "height": 17250421, "msg_types": ["/ibc.core.client.v1.MsgUpdateClient", "/ibc.core.channel.v1.MsgChannelOpenAck"], "tx_hash": "F9DE99A6379AFAAF4F29FC34D6F8895CC9D716992A9AEA2B8AC06B5A1B58414F"}
2026-09-12T11:24:20.253308Z	info	Successfully created new channel	{"chain_name": "snapshot", "chain_id": "vota-final-d37fa73", "channel_id": "channel-18", "connection_id": "connection-54", "port_id": "transfer"}
2026-09-12T11:24:23.110857Z	info	Successful transaction	{"provider_type": "cosmos", "chain_id": "vota-final-peer-d37fa73", "gas_used": 144529, "fees": "1866280000000000peaka", "fee_payer": "dora1y58hp6weav7pe4zcz7wnmleshfggvdxhhvl25l", "height": 171, "msg_types": ["/ibc.core.client.v1.MsgUpdateClient", "/ibc.core.channel.v1.MsgChannelOpenConfirm"], "tx_hash": "BE7D14E92ACB49378D1FD0331E7C73236668F6ADE45CA90C371EC62BCB995223"}
2026-09-12T11:24:23.253732Z	info	Successfully created new channel	{"chain_name": "peer", "chain_id": "vota-final-peer-d37fa73", "channel_id": "channel-0", "connection_id": "connection-0", "port_id": "transfer"}
2026-09-12T11:24:23.253757Z	info	Channel handshake termination candidate	{"path_name": "final-transfer", "chain_id": "vota-final-peer-d37fa73", "client_id": "07-tendermint-0", "termination_port_id": "transfer", "observed_port_id": "transfer", "termination_counterparty_port_id": "transfer", "observed_counterparty_port_id": "transfer"}
2026-09-12T11:24:23.253761Z	info	Found termination condition for channel handshake	{"path_name": "final-transfer", "chain_id": "vota-final-peer-d37fa73", "client_id": "07-tendermint-0"}
link complete
