Traceback (most recent call last):
  File "/usr/lib/python3.10/urllib/request.py", line 1348, in do_open
    h.request(req.get_method(), req.selector, req.data, headers,
  File "/usr/lib/python3.10/http/client.py", line 1312, in request
    self._send_request(method, url, body, headers, encode_chunked)
  File "/usr/lib/python3.10/http/client.py", line 1358, in _send_request
    self.endheaders(body, encode_chunked=encode_chunked)
  File "/usr/lib/python3.10/http/client.py", line 1307, in endheaders
    self._send_output(message_body, encode_chunked=encode_chunked)
  File "/usr/lib/python3.10/http/client.py", line 1067, in _send_output
    self.send(msg)
  File "/usr/lib/python3.10/http/client.py", line 1005, in send
    self.connect()
  File "/usr/lib/python3.10/http/client.py", line 971, in connect
    self.sock = self._create_connection(
  File "/usr/lib/python3.10/socket.py", line 845, in create_connection
    raise err
  File "/usr/lib/python3.10/socket.py", line 833, in create_connection
    sock.connect(sa)
ConnectionRefusedError: [Errno 111] Connection refused

During handling of the above exception, another exception occurred:

Traceback (most recent call last):
  File "/root/vota-final-snapshot-rehearsal-d37fa73/collect.py", line 5, in <module>
    statuses=[get(i,'status') for i in range(4)];height=min(int(x['result']['sync_info']['latest_block_height']) for x in statuses)-1;assert height>H
  File "/root/vota-final-snapshot-rehearsal-d37fa73/collect.py", line 5, in <listcomp>
    statuses=[get(i,'status') for i in range(4)];height=min(int(x['result']['sync_info']['latest_block_height']) for x in statuses)-1;assert height>H
  File "/root/vota-final-snapshot-rehearsal-d37fa73/collect.py", line 4, in get
    def get(i,p):return json.load(urllib.request.urlopen(f'http://127.0.0.1:{44651+i*10}/'+p,timeout=10))
  File "/usr/lib/python3.10/urllib/request.py", line 216, in urlopen
    return opener.open(url, data, timeout)
  File "/usr/lib/python3.10/urllib/request.py", line 519, in open
    response = self._open(req, data)
  File "/usr/lib/python3.10/urllib/request.py", line 536, in _open
    result = self._call_chain(self.handle_open, protocol, protocol +
  File "/usr/lib/python3.10/urllib/request.py", line 496, in _call_chain
    result = func(*args)
  File "/usr/lib/python3.10/urllib/request.py", line 1377, in http_open
    return self.do_open(http.client.HTTPConnection, req)
  File "/usr/lib/python3.10/urllib/request.py", line 1351, in do_open
    raise URLError(err)
urllib.error.URLError: <urlopen error [Errno 111] Connection refused>
Traceback (most recent call last):
  File "/root/vota-final-snapshot-rehearsal-d37fa73/restart.py", line 18, in <module>
    subprocess.run(['python3',str(r/'collect.py'),'restart'],check=True)
  File "/usr/lib/python3.10/subprocess.py", line 526, in run
    raise CalledProcessError(retcode, process.args,
subprocess.CalledProcessError: Command '['python3', '/root/vota-final-snapshot-rehearsal-d37fa73/collect.py', 'restart']' returned non-zero exit status 1.
