2026-09-11T14:26:14.430183Z	info	Successful transaction	{"provider_type": "cosmos", "chain_id": "vota-inflight-peer-1", "gas_used": 112145, "fees": "1380520000000000peaka", "fee_payer": "dora1hdzrazpjr77t54mktypmersfmt0sa4gymtnnlc", "height": 132, "msg_types": ["/ibc.core.client.v1.MsgCreateClient"], "tx_hash": "73A2F5ED533A5B908CB85D89B88C1F756FC1456E71A7492D16D9D8C052E5F57C"}
2026-09-11T14:26:14.430251Z	info	Client Created	{"src_chain_id": "vota-inflight-peer-1", "src_client_id": "07-tendermint-0", "dst_chain_id": "vota-inflight-rehearsal-20260911"}
2026-09-11T14:26:15.029129Z	info	Successful transaction	{"provider_type": "cosmos", "chain_id": "vota-inflight-rehearsal-20260911", "gas_used": 94703, "fees": "1131040000000000peaka", "fee_payer": "dora1nv4l3pauedvt3qd6388svga0t7xt2gjp5ufvdh", "height": 17249921, "msg_types": ["/ibc.core.client.v1.MsgCreateClient"], "tx_hash": "2CBCF7CF9C16AA0EE2D038BE4B0CF6536F2EF1DB086CAF9BC4EEEC989FCF30C4"}
2026-09-11T14:26:15.029189Z	info	Client Created	{"src_chain_id": "vota-inflight-rehearsal-20260911", "src_client_id": "07-tendermint-46", "dst_chain_id": "vota-inflight-peer-1"}
2026-09-11T14:26:15.029210Z	info	Clients created	{"src_client_id": "07-tendermint-46", "src_chain_id": "vota-inflight-rehearsal-20260911", "dst_client_id": "07-tendermint-0", "dst_chain_id": "vota-inflight-peer-1"}
2026-09-11T14:26:15.043650Z	info	Starting event processor for connection handshake	{"src_chain_id": "vota-inflight-rehearsal-20260911", "src_client_id": "07-tendermint-46", "dst_chain_id": "vota-inflight-peer-1", "dst_client_id": "07-tendermint-0"}
2026-09-11T14:26:15.046380Z	info	Chain is not yet in sync	{"chain_name": "peer", "chain_id": "vota-inflight-peer-1", "latest_queried_block": 112, "latest_height": 132}
2026-09-11T14:26:15.046627Z	info	Chain is not yet in sync	{"chain_name": "snapshot", "chain_id": "vota-inflight-rehearsal-20260911", "latest_queried_block": 17249901, "latest_height": 17249921}
2026-09-11T14:26:16.047223Z	info	Chain is in sync	{"chain_name": "peer", "chain_id": "vota-inflight-peer-1"}
2026-09-11T14:26:16.047622Z	info	Chain is in sync	{"chain_name": "snapshot", "chain_id": "vota-inflight-rehearsal-20260911"}
2026-09-11T14:26:19.599056Z	info	Successful transaction	{"provider_type": "cosmos", "chain_id": "vota-inflight-rehearsal-20260911", "gas_used": 119125, "fees": "1497370000000000peaka", "fee_payer": "dora1nv4l3pauedvt3qd6388svga0t7xt2gjp5ufvdh", "height": 17249923, "msg_types": ["/ibc.core.client.v1.MsgUpdateClient", "/ibc.core.connection.v1.MsgConnectionOpenInit"], "tx_hash": "8AE3113F5C3B5F4309928D9C52FF16B6A94CF96F92EAECE4F6A9D4AE9C1469BC"}
2026-09-11T14:26:22.505624Z	info	Successful transaction	{"provider_type": "cosmos", "chain_id": "vota-inflight-peer-1", "gas_used": 183618, "fees": "2452620000000000peaka", "fee_payer": "dora1hdzrazpjr77t54mktypmersfmt0sa4gymtnnlc", "height": 140, "msg_types": ["/ibc.core.client.v1.MsgUpdateClient", "/ibc.core.connection.v1.MsgConnectionOpenTry"], "tx_hash": "881872A43968B17057FB1922EE2E77D66A6F550F20A4267F18B65FF6EE829829"}
2026-09-11T14:26:26.595236Z	info	Successful transaction	{"provider_type": "cosmos", "chain_id": "vota-inflight-rehearsal-20260911", "gas_used": 155137, "fees": "2037550000000000peaka", "fee_payer": "dora1nv4l3pauedvt3qd6388svga0t7xt2gjp5ufvdh", "height": 17249926, "msg_types": ["/ibc.core.client.v1.MsgUpdateClient", "/ibc.core.connection.v1.MsgConnectionOpenAck"], "tx_hash": "81E8FA09990BFDF3FD8A54A3456010B48E84AEA6403702C120284854969726B4"}
2026-09-11T14:26:29.595096Z	info	Successful transaction	{"provider_type": "cosmos", "chain_id": "vota-inflight-peer-1", "gas_used": 145671, "fees": "1883410000000000peaka", "fee_payer": "dora1hdzrazpjr77t54mktypmersfmt0sa4gymtnnlc", "height": 147, "msg_types": ["/ibc.core.client.v1.MsgUpdateClient", "/ibc.core.connection.v1.MsgConnectionOpenConfirm"], "tx_hash": "76219F560A3C248999FC4C2E2F802DC0553566E931FD254994803C0EC3F9FC58"}
2026-09-11T14:26:30.057302Z	info	Connection handshake termination candidate	{"path_name": "bridge-transfer", "chain_id": "vota-inflight-peer-1", "client_id": "07-tendermint-0", "termination_client_id": "07-tendermint-0", "observed_client_id": "07-tendermint-0", "termination_counterparty_client_id": "07-tendermint-46", "observed_counterparty_client_id": "07-tendermint-46"}
2026-09-11T14:26:30.057316Z	info	Found termination condition for connection handshake	{"path_name": "bridge-transfer", "chain_id": "vota-inflight-peer-1", "client_id": "07-tendermint-0"}
2026-09-11T14:26:30.074454Z	info	Starting event processor for channel handshake	{"src_chain_id": "vota-inflight-rehearsal-20260911", "src_port_id": "transfer", "dst_chain_id": "vota-inflight-peer-1", "dst_port_id": "transfer"}
2026-09-11T14:26:30.076029Z	info	Chain is in sync	{"chain_name": "snapshot", "chain_id": "vota-inflight-rehearsal-20260911"}
2026-09-11T14:26:30.076277Z	info	Chain is in sync	{"chain_name": "peer", "chain_id": "vota-inflight-peer-1"}
2026-09-11T14:26:33.523741Z	info	Successful transaction	{"provider_type": "cosmos", "chain_id": "vota-inflight-rehearsal-20260911", "gas_used": 164147, "fees": "2172700000000000peaka", "fee_payer": "dora1nv4l3pauedvt3qd6388svga0t7xt2gjp5ufvdh", "height": 17249929, "msg_types": ["/ibc.core.client.v1.MsgUpdateClient", "/ibc.core.channel.v1.MsgChannelOpenInit"], "tx_hash": "8976F02CD913C797075AA7429313D1708785102286420264204329F0E0844312"}
2026-09-11T14:26:36.720338Z	info	Successful transaction	{"provider_type": "cosmos", "chain_id": "vota-inflight-peer-1", "gas_used": 160169, "fees": "2100880000000000peaka", "fee_payer": "dora1hdzrazpjr77t54mktypmersfmt0sa4gymtnnlc", "height": 154, "msg_types": ["/ibc.core.client.v1.MsgUpdateClient", "/ibc.core.channel.v1.MsgChannelOpenTry"], "tx_hash": "456E0D209E9AA392F8E1F382233E18820AFA82BE081BD1C766AA890567A487C1"}
2026-09-11T14:26:40.427737Z	info	Successful transaction	{"provider_type": "cosmos", "chain_id": "vota-inflight-rehearsal-20260911", "gas_used": 125024, "fees": "1585860000000000peaka", "fee_payer": "dora1nv4l3pauedvt3qd6388svga0t7xt2gjp5ufvdh", "height": 17249932, "msg_types": ["/ibc.core.client.v1.MsgUpdateClient", "/ibc.core.channel.v1.MsgChannelOpenAck"], "tx_hash": "AC9029D8D989E03469CE2AC73DDB5AF1647DF4791A92878FA60B6499CDDF409B"}
2026-09-11T14:26:41.084324Z	info	Successfully created new channel	{"chain_name": "snapshot", "chain_id": "vota-inflight-rehearsal-20260911", "channel_id": "channel-18", "connection_id": "connection-54", "port_id": "transfer"}
2026-09-11T14:26:43.819200Z	info	Successful transaction	{"provider_type": "cosmos", "chain_id": "vota-inflight-peer-1", "gas_used": 146221, "fees": "1891660000000000peaka", "fee_payer": "dora1hdzrazpjr77t54mktypmersfmt0sa4gymtnnlc", "height": 161, "msg_types": ["/ibc.core.client.v1.MsgUpdateClient", "/ibc.core.channel.v1.MsgChannelOpenConfirm"], "tx_hash": "59685EC02889E77AF612F8504622F0B6B2F5DFD7BFBBD3C89E90D1DC105C927F"}
2026-09-11T14:26:44.084835Z	info	Successfully created new channel	{"chain_name": "peer", "chain_id": "vota-inflight-peer-1", "channel_id": "channel-0", "connection_id": "connection-0", "port_id": "transfer"}
2026-09-11T14:26:44.084869Z	info	Channel handshake termination candidate	{"path_name": "bridge-transfer", "chain_id": "vota-inflight-peer-1", "client_id": "07-tendermint-0", "termination_port_id": "transfer", "observed_port_id": "transfer", "termination_counterparty_port_id": "transfer", "observed_counterparty_port_id": "transfer"}
2026-09-11T14:26:44.084872Z	info	Found termination condition for channel handshake	{"path_name": "bridge-transfer", "chain_id": "vota-inflight-peer-1", "client_id": "07-tendermint-0"}
