fetch https://dl-cdn.alpinelinux.org/alpine/v3.22/main/x86_64/APKINDEX.tar.gz
fetch https://dl-cdn.alpinelinux.org/alpine/v3.22/community/x86_64/APKINDEX.tar.gz
OK: 258 MiB in 54 packages
  % Total    % Received % Xferd  Average Speed   Time    Time     Time  Current
                                 Dload  Upload   Total   Spent    Left  Speed
  0     0    0     0    0     0      0      0 --:--:-- --:--:-- --:--:--     0  0     0    0     0    0     0      0      0 --:--:-- --:--:-- --:--:--     0
100 54.9M  100 54.9M    0     0  68.3M      0 --:--:-- --:--:-- --:--:-- 68.3M
/usr/local/lib/libwasmvm_muslc.x86_64.a: OK
{
 "moniker": "release-smoke",
 "chain_id": "bridge-release-smoke",
 "node_id": "3aeb8bdc89247e8df010c2d8d5a886bfa463e568",
 "gentxs_dir": "",
 "app_message": {
  "07-tendermint": null,
  "auth": {
   "params": {
    "max_memo_characters": "256",
    "tx_sig_limit": "7",
    "tx_size_cost_per_byte": "10",
    "sig_verify_cost_ed25519": "590",
    "sig_verify_cost_secp256k1": "1000"
   },
   "accounts": []
  },
  "authz": {
   "authorization": []
  },
  "bank": {
   "params": {
    "send_enabled": [],
    "default_send_enabled": true
   },
   "balances": [],
   "supply": [],
   "denom_metadata": [],
   "send_enabled": []
  },
  "distribution": {
   "params": {
    "community_tax": "0.020000000000000000",
    "base_proposer_reward": "0.000000000000000000",
    "bonus_proposer_reward": "0.000000000000000000",
    "withdraw_addr_enabled": true
   },
   "fee_pool": {
    "community_pool": []
   },
   "delegator_withdraw_infos": [],
   "previous_proposer": "",
   "outstanding_rewards": [],
   "validator_accumulated_commissions": [],
   "validator_historical_rewards": [],
   "validator_current_rewards": [],
   "delegator_starting_infos": [],
   "validator_slash_events": []
  },
  "evidence": {
   "evidence": []
  },
  "feegrant": {
   "allowances": []
  },
  "genutil": {
   "gen_txs": []
  },
  "gov": {
   "starting_proposal_id": "1",
   "deposits": [],
   "votes": [],
   "proposals": [],
   "deposit_params": null,
   "voting_params": null,
   "tally_params": null,
   "params": {
    "min_deposit": [
     {
      "denom": "peaka",
      "amount": "10000000"
     }
    ],
    "max_deposit_period": "172800s",
    "voting_period": "172800s",
    "quorum": "0.334000000000000000",
    "threshold": "0.500000000000000000",
    "veto_threshold": "0.334000000000000000",
    "min_initial_deposit_ratio": "0.000000000000000000",
    "proposal_cancel_ratio": "0.500000000000000000",
    "proposal_cancel_dest": "",
    "expedited_voting_period": "86400s",
    "expedited_threshold": "0.667000000000000000",
    "expedited_min_deposit": [
     {
      "denom": "peaka",
      "amount": "50000000"
     }
    ],
    "burn_vote_quorum": false,
    "burn_proposal_deposit_prevote": false,
    "burn_vote_veto": true,
    "min_deposit_ratio": "0.010000000000000000"
   },
   "constitution": ""
  },
  "group": {
   "group_seq": "0",
   "groups": [],
   "group_members": [],
   "group_policy_seq": "0",
   "group_policies": [],
   "proposal_seq": "0",
   "proposals": [],
   "votes": []
  },
  "ibc": {
   "client_genesis": {
    "clients": [],
    "clients_consensus": [],
    "clients_metadata": [],
    "params": {
     "allowed_clients": [
      "*"
     ]
    },
    "create_localhost": false,
    "next_client_sequence": "0"
   },
   "connection_genesis": {
    "connections": [],
    "client_connection_paths": [],
    "next_connection_sequence": "0",
    "params": {
     "max_expected_time_per_block": "30000000000"
    }
   },
   "channel_genesis": {
    "channels": [],
    "acknowledgements": [],
    "commitments": [],
    "receipts": [],
    "send_sequences": [],
    "recv_sequences": [],
    "ack_sequences": [],
    "next_channel_sequence": "0"
   },
   "client_v2_genesis": {
    "counterparty_infos": []
   },
   "channel_v2_genesis": {
    "acknowledgements": [],
    "commitments": [],
    "receipts": [],
    "async_packets": [],
    "send_sequences": []
   }
  },
  "interchainaccounts": {
   "controller_genesis_state": {
    "active_channels": [],
    "interchain_accounts": [],
    "ports": [],
    "params": {
     "controller_enabled": true
    }
   },
   "host_genesis_state": {
    "active_channels": [],
    "interchain_accounts": [],
    "port": "icahost",
    "params": {
     "host_enabled": true,
     "allow_messages": [
      "*"
     ]
    }
   }
  },
  "mint": {
   "minter": {
    "inflation": "0.130000000000000000",
    "annual_provisions": "0.000000000000000000"
   },
   "params": {
    "mint_denom": "peaka",
    "inflation_rate_change": "0.130000000000000000",
    "inflation_max": "0.200000000000000000",
    "inflation_min": "0.070000000000000000",
    "goal_bonded": "0.670000000000000000",
    "blocks_per_year": "6311520"
   }
  },
  "slashing": {
   "params": {
    "signed_blocks_window": "100",
    "min_signed_per_window": "0.500000000000000000",
    "downtime_jail_duration": "600s",
    "slash_fraction_double_sign": "0.050000000000000000",
    "slash_fraction_downtime": "0.010000000000000000"
   },
   "signing_infos": [],
   "missed_blocks": []
  },
  "staking": {
   "params": {
    "unbonding_time": "1814400s",
    "max_validators": 100,
    "max_entries": 7,
    "historical_entries": 10000,
    "bond_denom": "peaka",
    "min_commission_rate": "0.000000000000000000"
   },
   "last_total_power": "0",
   "last_validator_powers": [],
   "validators": [],
   "delegations": [],
   "unbonding_delegations": [],
   "redelegations": [],
   "exported": false
  },
  "transfer": {
   "port_id": "transfer",
   "denoms": [],
   "params": {
    "send_enabled": true,
    "receive_enabled": true
   },
   "total_escrowed": []
  },
  "upgrade": {},
  "vesting": {},
  "wasm": {
   "params": {
    "code_upload_access": {
     "permission": "Everybody",
     "addresses": []
    },
    "instantiate_default_permission": "Everybody"
   },
   "codes": [],
   "contracts": [],
   "sequences": []
  }
 }
}
